******************************************************************************
                  TI ARM Linker PC v20.2.7                     
******************************************************************************
>> Linked Tue Dec 12 19:23:17 2023

OUTPUT FILE NAME:   <Final_Project.out>
ENTRY POINT SYMBOL: "_c_int00_noinit_noargs"  address: 0000123d


MEMORY CONFIGURATION

         name            origin    length      used     unused   attr    fill
----------------------  --------  ---------  --------  --------  ----  --------
  FLASH                 00000000   00040000  000013a6  0003ec5a  R  X
  SRAM                  20000000   00008000  00000200  00007e00  RW X


SEGMENT ALLOCATION MAP

run origin  load origin   length   init length attrs members
----------  ----------- ---------- ----------- ----- -------
00000000    00000000    000013a8   000013a8    r-x
  00000000    00000000    0000026c   0000026c    r-- .intvecs
  0000026c    0000026c    000010ce   000010ce    r-x .text
  0000133c    0000133c    0000006c   0000006c    r-- .const
20000000    20000000    00000200   00000000    rw-
  20000000    20000000    00000200   00000000    rw- .stack


SECTION ALLOCATION MAP

 output                                  attributes/
section   page    origin      length       input sections
--------  ----  ----------  ----------   ----------------
.intvecs   0    00000000    0000026c     
                  00000000    0000026c     tm4c123gh6pm_startup_ccs.obj (.intvecs)

.text      0    0000026c    000010ce     
                  0000026c    00000608     main.obj (.text)
                  00000874    000001b6     rtsv7M4_T_le_v4SPD16_eabi.lib : fd_add_t2.asm.obj (.text)
                  00000a2a    00000002     --HOLE-- [fill = 0]
                  00000a2c    0000016c     driverlib.lib : gpio.obj (.text:GPIOPadConfigSet)
                  00000b98    00000136     rtsv7M4_T_le_v4SPD16_eabi.lib : fd_div_t2.asm.obj (.text)
                  00000cce    00000002     --HOLE-- [fill = 0]
                  00000cd0    00000118     driverlib.lib : sysctl.obj (.text:SysCtlClockGet)
                  00000de8    000000fc     rtsv7M4_T_le_v4SPD16_eabi.lib : fd_mul_t2.asm.obj (.text)
                  00000ee4    000000f4     driverlib.lib : sysctl.obj (.text:SysCtlClockSet)
                  00000fd8    00000086     rtsv7M4_T_le_v4SPD16_eabi.lib : fd_cmp_t2.asm.obj (.text:__aeabi_cdcmple)
                  0000105e    00000086                                   : fd_cmp_t2.asm.obj (.text:__aeabi_cdrcmple)
                  000010e4    0000007a     driverlib.lib : adc.obj (.text:ADCSequenceStepConfigure)
                  0000115e    0000004e                   : adc.obj (.text:ADCSequenceConfigure)
                  000011ac    00000034                   : sysctl.obj (.text:SysCtlPeripheralEnable)
                  000011e0    0000002e                   : adc.obj (.text:ADCIntStatus)
                  0000120e    0000002c                   : gpio.obj (.text:GPIODirModeSet)
                  0000123a    00000002     --HOLE-- [fill = 0]
                  0000123c    0000002c     rtsv7M4_T_le_v4SPD16_eabi.lib : boot_cortex_m.c.obj (.text:_c_int00_noinit_noargs:_c_int00_noinit_noargs)
                  00001268    00000020                                   : u_tofd_t2.asm.obj (.text)
                  00001288    0000001e     driverlib.lib : adc.obj (.text:ADCSequenceDataGet)
                  000012a6    0000001a                   : gpio.obj (.text:GPIOPinTypeGPIOOutput)
                  000012c0    00000018                   : adc.obj (.text:ADCProcessorTrigger)
                  000012d8    00000016                   : gpio.obj (.text:GPIOPinTypeGPIOInput)
                  000012ee    0000000e                   : adc.obj (.text:ADCHardwareOversampleConfigure)
                  000012fc    0000000e                   : adc.obj (.text:ADCSequenceEnable)
                  0000130a    0000000c     tm4c123gh6pm_startup_ccs.obj (.text)
                  00001316    0000000a     driverlib.lib : adc.obj (.text:ADCIntClear)
                  00001320    00000006                   : gpio.obj (.text:GPIOPinRead)
                  00001326    00000006                   : gpio.obj (.text:GPIOPinWrite)
                  0000132c    00000006                   : sysctl.obj (.text:SysCtlDelay)
                  00001332    00000004     rtsv7M4_T_le_v4SPD16_eabi.lib : pre_init.c.obj (.text:_system_pre_init)
                  00001336    00000004                                   : exit.c.obj (.text:abort:abort)

.const     0    0000133c    0000006c     
                  0000133c    0000006c     driverlib.lib : sysctl.obj (.const:g_pui32Xtals)

.cinit     0    00000000    00000000     UNINITIALIZED

.init_array 
*          0    00000000    00000000     UNINITIALIZED

.stack     0    20000000    00000200     UNINITIALIZED
                  20000000    00000004     rtsv7M4_T_le_v4SPD16_eabi.lib : boot_cortex_m.c.obj (.stack)
                  20000004    000001fc     --HOLE--

__llvm_prf_cnts 
*          0    20000000    00000000     UNINITIALIZED

MODULE SUMMARY

       Module                         code   ro data   rw data
       ------                         ----   -------   -------
    .\
       main.obj                       1544   0         0      
       tm4c123gh6pm_startup_ccs.obj   12     620       0      
    +--+------------------------------+------+---------+---------+
       Total:                         1556   620       0      
                                                              
    C:/ti/TivaWare_C_Series-2.2.0.295/driverlib/ccs/Debug/driverlib.lib
       sysctl.obj                     582    108       0      
       gpio.obj                       468    0         0      
       adc.obj                        338    0         0      
    +--+------------------------------+------+---------+---------+
       Total:                         1388   108       0      
                                                              
    C:\ti\ccs1240\ccs\tools\compiler\ti-cgt-arm_20.2.7.LTS\lib\rtsv7M4_T_le_v4SPD16_eabi.lib
       fd_add_t2.asm.obj              438    0         0      
       fd_div_t2.asm.obj              310    0         0      
       fd_cmp_t2.asm.obj              268    0         0      
       fd_mul_t2.asm.obj              252    0         0      
       boot_cortex_m.c.obj            44     0         0      
       u_tofd_t2.asm.obj              32     0         0      
       exit.c.obj                     4      0         0      
       pre_init.c.obj                 4      0         0      
    +--+------------------------------+------+---------+---------+
       Total:                         1352   0         0      
                                                              
       Stack:                         0      0         512    
    +--+------------------------------+------+---------+---------+
       Grand Total:                   4296   728       512    


GLOBAL SYMBOLS: SORTED ALPHABETICALLY BY Name 

address   name                          
-------   ----                          
000012ef  ADCHardwareOversampleConfigure
00001317  ADCIntClear                   
000011e1  ADCIntStatus                  
000012c1  ADCProcessorTrigger           
0000115f  ADCSequenceConfigure          
00001289  ADCSequenceDataGet            
000012fd  ADCSequenceEnable             
000010e5  ADCSequenceStepConfigure      
00001337  C$$EXIT                       
0000120f  GPIODirModeSet                
00000a2d  GPIOPadConfigSet              
00001321  GPIOPinRead                   
000012d9  GPIOPinTypeGPIOInput          
000012a7  GPIOPinTypeGPIOOutput         
00001327  GPIOPinWrite                  
0000130b  ResetISR                      
00000cd1  SysCtlClockGet                
00000ee5  SysCtlClockSet                
0000132d  SysCtlDelay                   
000011ad  SysCtlPeripheralEnable        
20000200  __STACK_END                   
00000200  __STACK_SIZE                  
20000200  __STACK_TOP                   
ffffffff  __TI_pprof_out_hndl           
ffffffff  __TI_prof_data_size           
ffffffff  __TI_prof_data_start          
00000000  __TI_static_base__            
00000fd9  __aeabi_cdcmpeq               
00000fd9  __aeabi_cdcmple               
0000105f  __aeabi_cdrcmple              
0000087f  __aeabi_dadd                  
00000b99  __aeabi_ddiv                  
00000de9  __aeabi_dmul                  
00000875  __aeabi_dsub                  
00001269  __aeabi_ui2d                  
ffffffff  __binit__                     
ffffffff  __c_args__                    
UNDEFED   __mpu_init                    
20000000  __stack                       
20000000  __start___llvm_prf_cnts       
20000000  __stop___llvm_prf_cnts        
0000123d  _c_int00_noinit_noargs        
00001333  _system_pre_init              
00001337  abort                         
ffffffff  binit                         
0000029f  delay                         
0000026d  delayOG                       
00000563  doubleCycle                   
00000000  g_pfnVectors                  
0000030f  greenLightOff1                
0000031d  greenLightOff2                
00000347  greenLightOn1                 
00000355  greenLightOn2                 
00000533  halfCycle                     
000005b1  main                          
0000041f  motionCheckCycle1             
00000473  motionCheckCycle2             
000004ff  noMotionCycle1                
00000519  noMotionCycle2                
0000032b  redLightOff1                  
00000339  redLightOff2                  
000003f3  redLightOn1                   
00000409  redLightOn2                   
000004c7  regularCycle1                 
000004e3  regularCycle2                 
00000363  yellowLightOn1                
000003ab  yellowLightOn2                


GLOBAL SYMBOLS: SORTED BY Symbol Address 

address   name                          
-------   ----                          
00000000  __TI_static_base__            
00000000  g_pfnVectors                  
00000200  __STACK_SIZE                  
0000026d  delayOG                       
0000029f  delay                         
0000030f  greenLightOff1                
0000031d  greenLightOff2                
0000032b  redLightOff1                  
00000339  redLightOff2                  
00000347  greenLightOn1                 
00000355  greenLightOn2                 
00000363  yellowLightOn1                
000003ab  yellowLightOn2                
000003f3  redLightOn1                   
00000409  redLightOn2                   
0000041f  motionCheckCycle1             
00000473  motionCheckCycle2             
000004c7  regularCycle1                 
000004e3  regularCycle2                 
000004ff  noMotionCycle1                
00000519  noMotionCycle2                
00000533  halfCycle                     
00000563  doubleCycle                   
000005b1  main                          
00000875  __aeabi_dsub                  
0000087f  __aeabi_dadd                  
00000a2d  GPIOPadConfigSet              
00000b99  __aeabi_ddiv                  
00000cd1  SysCtlClockGet                
00000de9  __aeabi_dmul                  
00000ee5  SysCtlClockSet                
00000fd9  __aeabi_cdcmpeq               
00000fd9  __aeabi_cdcmple               
0000105f  __aeabi_cdrcmple              
000010e5  ADCSequenceStepConfigure      
0000115f  ADCSequenceConfigure          
000011ad  SysCtlPeripheralEnable        
000011e1  ADCIntStatus                  
0000120f  GPIODirModeSet                
0000123d  _c_int00_noinit_noargs        
00001269  __aeabi_ui2d                  
00001289  ADCSequenceDataGet            
000012a7  GPIOPinTypeGPIOOutput         
000012c1  ADCProcessorTrigger           
000012d9  GPIOPinTypeGPIOInput          
000012ef  ADCHardwareOversampleConfigure
000012fd  ADCSequenceEnable             
0000130b  ResetISR                      
00001317  ADCIntClear                   
00001321  GPIOPinRead                   
00001327  GPIOPinWrite                  
0000132d  SysCtlDelay                   
00001333  _system_pre_init              
00001337  C$$EXIT                       
00001337  abort                         
20000000  __stack                       
20000000  __start___llvm_prf_cnts       
20000000  __stop___llvm_prf_cnts        
20000200  __STACK_END                   
20000200  __STACK_TOP                   
ffffffff  __TI_pprof_out_hndl           
ffffffff  __TI_prof_data_size           
ffffffff  __TI_prof_data_start          
ffffffff  __binit__                     
ffffffff  __c_args__                    
ffffffff  binit                         
UNDEFED   __mpu_init                    

[67 symbols]
